// Jest Snapshot v1, https://goo.gl/fbAQLP

exports[`renders correctly 1`] = `
<RCTScrollView
  style={
    Object {
      "flex": 1,
      "marginBottom": 60,
      "paddingBottom": 100,
    }
  }
>
  <View>
    <View
      style={
        Object {
          "padding": 20,
        }
      }
    >
      <Text
        style={
          Object {
            "color": "black",
            "fontSize": 30,
            "fontWeight": "bold",
            "marginBottom": 20,
          }
        }
      >
        Good afternoon,
        

        Guest!
      </Text>
      <View
        style={
          Object {
            "alignItems": "center",
            "borderColor": "lightgrey",
            "borderRadius": 10,
            "borderWidth": 1,
            "display": "flex",
            "flexDirection": "row",
            "marginBottom": 10,
            "paddingHorizontal": 10,
          }
        }
      >
        <Text
          allowFontScaling={false}
          selectable={false}
          style={
            Array [
              Object {
                "color": undefined,
                "fontSize": 24,
              },
              undefined,
              Object {
                "fontFamily": "Ionicons",
                "fontStyle": "normal",
                "fontWeight": "normal",
              },
              Object {},
            ]
          }
        >
          ï”‰
        </Text>
        <TextInput
          placeholder="Search Recipes"
        />
      </View>
    </View>
    <View
      style={
        Object {
          "marginBottom": 30,
        }
      }
    >
      <Text
        style={
          Object {
            "color": "black",
            "fontSize": 30,
            "fontWeight": "bold",
            "marginBottom": 20,
            "marginLeft": 20,
          }
        }
      >
        Trending Now ðŸ”¥
      </Text>
      <RCTScrollView
        horizontal={true}
        showsHorizontalScrollIndicator={false}
        style={
          Object {
            "display": "flex",
            "flexDirection": "row",
            "paddingLeft": 20,
            "width": "100%",
          }
        }
      >
        <View />
      </RCTScrollView>
    </View>
    <View
      style={
        Object {
          "marginBottom": 30,
        }
      }
    >
      <Text
        style={
          Object {
            "color": "black",
            "fontSize": 30,
            "fontWeight": "bold",
            "marginBottom": 20,
            "marginLeft": 20,
          }
        }
      >
        Popular Category
      </Text>
      <RCTScrollView
        horizontal={true}
        showsHorizontalScrollIndicator={false}
        style={
          Object {
            "display": "flex",
            "flexDirection": "row",
            "paddingLeft": 20,
            "width": "100%",
          }
        }
      >
        <View />
      </RCTScrollView>
    </View>
    <View
      style={
        Object {
          "marginBottom": 30,
        }
      }
    >
      <RCTScrollView
        horizontal={true}
        showsHorizontalScrollIndicator={false}
        style={
          Object {
            "display": "flex",
            "flexDirection": "row",
            "paddingLeft": 20,
            "width": "100%",
          }
        }
      >
        <View />
      </RCTScrollView>
    </View>
  </View>
</RCTScrollView>
`;
